// Jest Snapshot v1, https://goo.gl/fbAQLP

exports[`changes the parent of an entity 1`] = `
"[
  \\"{\\\\\\"__isSyndicateEntity__\\\\\\":true,\\\\\\"parentIndex\\\\\\":-1,\\\\\\"parentId\\\\\\":null,\\\\\\"index\\\\\\":0,\\\\\\"id\\\\\\":\\\\\\"root\\\\\\",\\\\\\"data\\\\\\":{\\\\\\"name\\\\\\":\\\\\\"root\\\\\\"},\\\\\\"childrenIndices\\\\\\":[1,2],\\\\\\"childrenIds\\\\\\":[\\\\\\"parentA\\\\\\",\\\\\\"parentB\\\\\\"]}\\",
  \\"{\\\\\\"__isSyndicateEntity__\\\\\\":true,\\\\\\"parentIndex\\\\\\":0,\\\\\\"parentId\\\\\\":\\\\\\"root\\\\\\",\\\\\\"index\\\\\\":1,\\\\\\"id\\\\\\":\\\\\\"parentA\\\\\\",\\\\\\"data\\\\\\":{},\\\\\\"childrenIndices\\\\\\":[],\\\\\\"childrenIds\\\\\\":[]}\\",
  \\"{\\\\\\"__isSyndicateEntity__\\\\\\":true,\\\\\\"parentIndex\\\\\\":0,\\\\\\"parentId\\\\\\":\\\\\\"root\\\\\\",\\\\\\"index\\\\\\":2,\\\\\\"id\\\\\\":\\\\\\"parentB\\\\\\",\\\\\\"data\\\\\\":{},\\\\\\"childrenIndices\\\\\\":[3],\\\\\\"childrenIds\\\\\\":[\\\\\\"child\\\\\\"]}\\",
  \\"{\\\\\\"__isSyndicateEntity__\\\\\\":true,\\\\\\"parentIndex\\\\\\":2,\\\\\\"parentId\\\\\\":\\\\\\"parentB\\\\\\",\\\\\\"index\\\\\\":3,\\\\\\"id\\\\\\":\\\\\\"child\\\\\\",\\\\\\"data\\\\\\":{},\\\\\\"childrenIndices\\\\\\":[],\\\\\\"childrenIds\\\\\\":[]}\\"
]"
`;
