// Jest Snapshot v1, https://goo.gl/fbAQLP

exports[`gets the children or a slice of a parent 1`] = `
"[
  \\"{\\\\\\"__isSyndicateEntity__\\\\\\":true,\\\\\\"parentIndex\\\\\\":1,\\\\\\"parentId\\\\\\":\\\\\\"parent\\\\\\",\\\\\\"index\\\\\\":2,\\\\\\"id\\\\\\":\\\\\\"A\\\\\\",\\\\\\"data\\\\\\":{},\\\\\\"childrenIndices\\\\\\":[],\\\\\\"childrenIds\\\\\\":[]}\\",
  \\"{\\\\\\"__isSyndicateEntity__\\\\\\":true,\\\\\\"parentIndex\\\\\\":1,\\\\\\"parentId\\\\\\":\\\\\\"parent\\\\\\",\\\\\\"index\\\\\\":3,\\\\\\"id\\\\\\":\\\\\\"B\\\\\\",\\\\\\"data\\\\\\":{},\\\\\\"childrenIndices\\\\\\":[],\\\\\\"childrenIds\\\\\\":[]}\\"
]"
`;
