// Jest Snapshot v1, https://goo.gl/fbAQLP

exports[`swaps two entities 1`] = `
"[
  \\"{\\\\\\"__isSyndicateEntity__\\\\\\":true,\\\\\\"parentIndex\\\\\\":-1,\\\\\\"parentId\\\\\\":null,\\\\\\"index\\\\\\":0,\\\\\\"id\\\\\\":\\\\\\"root\\\\\\",\\\\\\"data\\\\\\":{\\\\\\"name\\\\\\":\\\\\\"root\\\\\\"},\\\\\\"childrenIndices\\\\\\":[1,2,3],\\\\\\"childrenIds\\\\\\":[\\\\\\"1\\\\\\",\\\\\\"2\\\\\\",\\\\\\"3\\\\\\"]}\\",
  \\"{\\\\\\"__isSyndicateEntity__\\\\\\":true,\\\\\\"parentIndex\\\\\\":0,\\\\\\"parentId\\\\\\":\\\\\\"root\\\\\\",\\\\\\"index\\\\\\":1,\\\\\\"id\\\\\\":\\\\\\"1\\\\\\",\\\\\\"data\\\\\\":{\\\\\\"someData\\\\\\":1},\\\\\\"childrenIndices\\\\\\":[],\\\\\\"childrenIds\\\\\\":[]}\\",
  \\"{\\\\\\"__isSyndicateEntity__\\\\\\":true,\\\\\\"parentIndex\\\\\\":0,\\\\\\"parentId\\\\\\":\\\\\\"root\\\\\\",\\\\\\"index\\\\\\":2,\\\\\\"id\\\\\\":\\\\\\"2\\\\\\",\\\\\\"data\\\\\\":{\\\\\\"someData\\\\\\":2},\\\\\\"childrenIndices\\\\\\":[],\\\\\\"childrenIds\\\\\\":[]}\\",
  \\"{\\\\\\"__isSyndicateEntity__\\\\\\":true,\\\\\\"parentIndex\\\\\\":0,\\\\\\"parentId\\\\\\":\\\\\\"root\\\\\\",\\\\\\"index\\\\\\":3,\\\\\\"id\\\\\\":\\\\\\"3\\\\\\",\\\\\\"data\\\\\\":{\\\\\\"someData\\\\\\":3},\\\\\\"childrenIndices\\\\\\":[],\\\\\\"childrenIds\\\\\\":[]}\\"
]"
`;
